   Compiling tpt-telemetry-schema v0.1.0 (C:\Programming\2 WIP\tpt-telemetry\tpt-telemetry-schema)
   Compiling tpt-telemetry-compiler v0.1.0 (C:\Programming\2 WIP\tpt-telemetry\tpt-telemetry-compiler)
   Compiling tpt-grok-engine v0.1.0 (C:\Programming\2 WIP\tpt-telemetry\tpt-grok-engine)
   Compiling tpt-inference v0.1.0 (C:\Programming\2 WIP\tpt-telemetry\tpt-inference)
   Compiling tpt-telemetry-core v0.1.0 (C:\Programming\2 WIP\tpt-telemetry\tpt-telemetry-core)
   Compiling tpt-otlp v0.1.0 (C:\Programming\2 WIP\tpt-telemetry\tpt-otlp)
   Compiling tpt-syslog-server v0.1.0 (C:\Programming\2 WIP\tpt-telemetry\tpt-syslog-server)
error[E0433]: cannot find `logs_service` in `tonic`
  --> tpt-otlp\src\grpc.rs:18:33
   |
18 | use opentelemetry_proto::tonic::logs_service::client::LogsServiceClient;
   |                                 ^^^^^^^^^^^^ could not find `logs_service` in `tonic`

error[E0432]: unresolved import `opentelemetry_proto::tonic::logs_service`
  --> tpt-otlp\src\grpc.rs:19:33
   |
19 | use opentelemetry_proto::tonic::logs_service::ExportLogsServiceRequest;
   |                                 ^^^^^^^^^^^^ could not find `logs_service` in `tonic`

error[E0616]: field `config` of struct `Exporter` is private
  --> tpt-otlp\src\grpc.rs:94:33
   |
94 |         let endpoint = exporter.config.endpoint.trim_end_matches('/').to_string();
   |                                 ^^^^^^ private field

Some errors have detailed explanations: E0432, E0433, E0616.
For more information about an error, try `rustc --explain E0432`.
error: could not compile `tpt-otlp` (lib) due to 3 previous errors
warning: build failed, waiting for other jobs to finish...
